// Jest Snapshot v1, https://goo.gl/fbAQLP

exports[`renders correctly 1`] = `
<View
  accessible={true}
  clickable={true}
  isTVSelectable={true}
  onClick={[Function]}
  onResponderGrant={[Function]}
  onResponderMove={[Function]}
  onResponderRelease={[Function]}
  onResponderTerminate={[Function]}
  onResponderTerminationRequest={[Function]}
  onStartShouldSetResponder={[Function]}
  style={
    Object {
      "alignItems": "center",
      "backgroundColor": "#4a919e",
      "borderRadius": 20,
      "flexDirection": "row",
      "height": 40,
      "justifyContent": "center",
      "marginTop": 10,
      "opacity": 1,
      "width": 100,
    }
  }
>
  <Text
    style={
      Object {
        "color": "#FFF",
      }
    }
  >
    label
  </Text>
</View>
`;
