// Jest Snapshot v1, https://goo.gl/fbAQLP

exports[`StopWatchButtonContainer Tests StopWatchButtonContainer correctly w/ snapshot 1`] = `
<View
  style={
    Object {
      "alignItems": "center",
      "flexDirection": "column",
    }
  }
>
  <Text
    style={
      Object {
        "fontSize": 60,
        "textAlign": "center",
      }
    }
  >
    00:00:00
  </Text>
  <View
    style={
      Object {
        "flexDirection": "row",
        "justifyContent": "space-between",
        "width": 210,
      }
    }
  >
    <View
      accessible={true}
      clickable={true}
      isTVSelectable={true}
      onClick={[Function]}
      onResponderGrant={[Function]}
      onResponderMove={[Function]}
      onResponderRelease={[Function]}
      onResponderTerminate={[Function]}
      onResponderTerminationRequest={[Function]}
      onStartShouldSetResponder={[Function]}
      style={
        Object {
          "alignItems": "center",
          "backgroundColor": "#ce6a6b",
          "borderRadius": 20,
          "flexDirection": "row",
          "height": 40,
          "justifyContent": "center",
          "opacity": 1,
          "width": 100,
        }
      }
    >
      <Text
        style={
          Object {
            "color": "#FFF",
          }
        }
      >
        Reset
      </Text>
    </View>
    <View
      accessible={true}
      clickable={true}
      isTVSelectable={true}
      onClick={[Function]}
      onResponderGrant={[Function]}
      onResponderMove={[Function]}
      onResponderRelease={[Function]}
      onResponderTerminate={[Function]}
      onResponderTerminationRequest={[Function]}
      onStartShouldSetResponder={[Function]}
      style={
        Object {
          "alignItems": "center",
          "backgroundColor": "#4a919e",
          "borderRadius": 20,
          "flexDirection": "row",
          "height": 40,
          "justifyContent": "center",
          "opacity": 1,
          "width": 100,
        }
      }
    >
      <Text
        style={
          Object {
            "color": "#FFF",
          }
        }
      >
        Start
      </Text>
    </View>
  </View>
  <View
    accessible={true}
    clickable={true}
    isTVSelectable={true}
    onClick={[Function]}
    onResponderGrant={[Function]}
    onResponderMove={[Function]}
    onResponderRelease={[Function]}
    onResponderTerminate={[Function]}
    onResponderTerminationRequest={[Function]}
    onStartShouldSetResponder={[Function]}
    style={
      Object {
        "alignItems": "center",
        "backgroundColor": "#9096A9",
        "borderRadius": 20,
        "flexDirection": "row",
        "height": 40,
        "justifyContent": "center",
        "marginTop": 10,
        "opacity": 1,
        "width": 210,
      }
    }
  >
    <Text
      style={
        Object {
          "color": "#FFF",
        }
      }
    >
      Save
    </Text>
  </View>
</View>
`;
